]0;~/Documents/R/git_shit[?1034hdigitalfirstmedia@Digitals-MBP [32m~/Documents/R/git_shit[33m[00m $ [Kdigitalfirstmedia@Digitals-MBP [32m~/Documents/R/git_shit[33m[00m $ echo "# git_test" >> README.md
]0;~/Documents/R/git_shitdigitalfirstmedia@Digitals-MBP [32m~/Documents/R/git_shit[33m[00m $ git init
Initialized empty Git repository in /Users/digitalfirstmedia/Documents/R/git_shit/.git/
]0;~/Documents/R/git_shitdigitalfirstmedia@Digitals-MBP [32m~/Documents/R/git_shit[33m[00m $ git add README.md
]0;~/Documents/R/git_shitdigitalfirstmedia@Digitals-MBP [32m~/Documents/R/git_shit[33m[00m $ git commit -m "first commit"
[master (root-commit) 7197587] first commit
 1 file changed, 1 insertion(+)
 create mode 100644 README.md
]0;~/Documents/R/git_shitdigitalfirstmedia@Digitals-MBP [32m~/Documents/R/git_shit[33m (master)[00m $ git remote add origin https://github.com/fdrennan/gi t_test.git
]0;~/Documents/R/git_shitdigitalfirstmedia@Digitals-MBP [32m~/Documents/R/git_shit[33m (master)[00m $ git push -u origin master
fatal: cannot run rpostback-askpass: No such file or directory
Username for 'https://github.com': ^C
]0;~/Documents/R/git_shitdigitalfirstmedia@Digitals-MBP [32m~/Documents/R/git_shit[33m (master)[00m $ 
]0;~/Documents/R/git_shitdigitalfirstmedia@Digitals-MBP [32m~/Documents/R/git_shit[33m (master)[00m $ ls
README.md	git_shit.Rproj	test_file.R
]0;~/Documents/R/git_shitdigitalfirstmedia@Digitals-MBP [32m~/Documents/R/git_shit[33m (master)[00m $ ls -la
total 24
drwxr-xr-x   7 digitalfirstmedia  staff  224 Dec  5 08:14 .
drwxr-xr-x  17 digitalfirstmedia  staff  544 Dec  5 08:12 ..
drwxr-xr-x   4 digitalfirstmedia  staff  128 Dec  5 08:12 .Rproj.user
drwxr-xr-x  13 digitalfirstmedia  staff  416 Dec  5 08:14 .git
-rw-r--r--   1 digitalfirstmedia  staff   11 Dec  5 08:14 README.md
-rw-r--r--   1 digitalfirstmedia  staff  205 Dec  5 08:12 git_shit.Rproj
-rw-r--r--@  1 digitalfirstmedia  staff   39 Dec  5 08:12 test_file.R
]0;~/Documents/R/git_shitdigitalfirstmedia@Digitals-MBP [32m~/Documents/R/git_shit[33m (master)[00m $ rm -rf .git
]0;~/Documents/R/git_shitdigitalfirstmedia@Digitals-MBP [32m~/Documents/R/git_shit[33m[00m $ echo "# git_test" >> README.md
]0;~/Documents/R/git_shitdigitalfirstmedia@Digitals-MBP [32m~/Documents/R/git_shit[33m[00m $ git init
Initialized empty Git repository in /Users/digitalfirstmedia/Documents/R/git_shit/.git/
]0;~/Documents/R/git_shitdigitalfirstmedia@Digitals-MBP [32m~/Documents/R/git_shit[33m[00m $ git add README.md
]0;~/Documents/R/git_shitdigitalfirstmedia@Digitals-MBP [32m~/Documents/R/git_shit[33m[00m $ git commit -m "first commit"
[master (root-commit) 40499e1] first commit
 1 file changed, 2 insertions(+)
 create mode 100644 README.md
]0;~/Documents/R/git_shitdigitalfirstmedia@Digitals-MBP [32m~/Documents/R/git_shit[33m (master)[00m $ git remote add origin git@github.com:fdrennan/git_te st.git
]0;~/Documents/R/git_shitdigitalfirstmedia@Digitals-MBP [32m~/Documents/R/git_shit[33m (master)[00m $ git push -u origin master
Enumerating objects: 3, done.
Counting objects:  33% (1/3)   Counting objects:  66% (2/3)   Counting objects: 100% (3/3)   Counting objects: 100% (3/3), done.
Writing objects:  33% (1/3)   Writing objects:  66% (2/3)   Writing objects: 100% (3/3)   Writing objects: 100% (3/3), 229 bytes | 229.00 KiB/s, done.
Total 3 (delta 0), reused 0 (delta 0)
remote: 
remote: Create a pull request for 'master' on GitHub by visiting:[K
remote:      https://github.com/fdrennan/git_test/pull/new/master[K
remote: 
To github.com:fdrennan/git_test.git
 * [new branch]      master -> master
Branch 'master' set up to track remote branch 'master' from 'origin'.
]0;~/Documents/R/git_shitdigitalfirstmedia@Digitals-MBP [32m~/Documents/R/git_shit[33m (master)[00m $ ls
README.md	git_shit.Rproj	test_file.R
]0;~/Documents/R/git_shitdigitalfirstmedia@Digitals-MBP [32m~/Documents/R/git_shit[33m (master)[00m $ git ad[Kdd --all
]0;~/Documents/R/git_shitdigitalfirstmedia@Digitals-MBP [32m~/Documents/R/git_shit[33m (master)[00m $ git commit =m [K[K[K-m 'first so[K[Kcommit'
[master d9a7ef0] first commit
 12 files changed, 175 insertions(+)
 create mode 100644 .Rproj.user/F5514539/console06/BF267020
 create mode 100644 .Rproj.user/F5514539/console06/BF267020.env
 create mode 100644 .Rproj.user/F5514539/console06/INDEX001
 create mode 100644 .Rproj.user/F5514539/sources/prop/A2DA996E
 create mode 100644 .Rproj.user/F5514539/sources/prop/INDEX
 create mode 100644 .Rproj.user/F5514539/sources/s-C2B75DC8/D81DEC91
 create mode 100644 .Rproj.user/F5514539/sources/s-C2B75DC8/D81DEC91-contents
 create mode 100644 .Rproj.user/F5514539/sources/s-C2B75DC8/lock_file
 create mode 100644 .Rproj.user/shared/notebooks/patch-chunk-names
 create mode 100644 .Rproj.user/shared/notebooks/paths
 create mode 100644 git_shit.Rproj
 create mode 100644 test_file.R
]0;~/Documents/R/git_shitdigitalfirstmedia@Digitals-MBP [32m~/Documents/R/git_shit[33m (master)[00m $ git push origin master
Enumerating objects: 21, done.
Counting objects:   4% (1/21)   Counting objects:   9% (2/21)   Counting objects:  14% (3/21)   Counting objects:  19% (4/21)   Counting objects:  23% (5/21)   Counting objects:  28% (6/21)   Counting objects:  33% (7/21)   Counting objects:  38% (8/21)   Counting objects:  42% (9/21)   Counting objects:  47% (10/21)   Counting objects:  52% (11/21)   Counting objects:  57% (12/21)   Counting objects:  61% (13/21)   Counting objects:  66% (14/21)   Counting objects:  71% (15/21)   Counting objects:  76% (16/21)   Counting objects:  80% (17/21)   Counting objects:  85% (18/21)   Counting objects:  90% (19/21)   Counting objects:  95% (20/21)   Counting objects: 100% (21/21)   Counting objects: 100% (21/21), done.
Delta compression using up to 8 threads.
Compressing objects:   5% (1/17)   Compressing objects:  11% (2/17)   Compressing objects:  17% (3/17)   Compressing objects:  23% (4/17)   Compressing objects:  29% (5/17)   Compressing objects:  35% (6/17)   Compressing objects:  41% (7/17)   Compressing objects:  47% (8/17)   Compressing objects:  52% (9/17)   Compressing objects:  58% (10/17)   Compressing objects:  64% (11/17)   Compressing objects:  70% (12/17)   Compressing objects:  76% (13/17)   Compressing objects:  82% (14/17)   Compressing objects:  88% (15/17)   Compressing objects:  94% (16/17)   Compressing objects: 100% (17/17)   Compressing objects: 100% (17/17), done.
Writing objects:   5% (1/20)   Writing objects:  10% (2/20)   Writing objects:  15% (3/20)   Writing objects:  20% (4/20)   Writing objects:  25% (5/20)   Writing objects:  30% (6/20)   Writing objects:  35% (7/20)   Writing objects:  40% (8/20)   Writing objects:  45% (9/20)   Writing objects:  50% (10/20)   Writing objects:  55% (11/20)   Writing objects:  60% (12/20)   Writing objects:  65% (13/20)   Writing objects:  70% (14/20)   Writing objects:  75% (15/20)   Writing objects:  80% (16/20)   Writing objects:  85% (17/20)   Writing objects:  90% (18/20)   Writing objects:  95% (19/20)   Writing objects: 100% (20/20)   Writing objects: 100% (20/20), 4.13 KiB | 76.00 KiB/s, done.
Total 20 (delta 0), reused 0 (delta 0)
To github.com:fdrennan/git_test.git
   40499e1..d9a7ef0  master -> master
]0;~/Documents/R/git_shitdigitalfirstmedia@Digitals-MBP [32m~/Documents/R/git_shit[33m (master)[00m $ ls
README.md	git_shit.Rproj	test_file.R
]0;~/Documents/R/git_shitdigitalfirstmedia@Digitals-MBP [32m~/Documents/R/git_shit[33m (master)[00m $ 