]0;~/Documents/R/git_shit[?1034hdigitalfirstmedia@Digitals-MBP [32m~/Documents/R/git_shit[33m[00m $ [Kdigitalfirstmedia@Digitals-MBP [32m~/Documents/R/git_shit[33m[00m $ echo "# git_test" >> README.md
]0;~/Documents/R/git_shitdigitalfirstmedia@Digitals-MBP [32m~/Documents/R/git_shit[33m[00m $ git init
Initialized empty Git repository in /Users/digitalfirstmedia/Documents/R/git_shit/.git/
]0;~/Documents/R/git_shitdigitalfirstmedia@Digitals-MBP [32m~/Documents/R/git_shit[33m[00m $ git add README.md
]0;~/Documents/R/git_shitdigitalfirstmedia@Digitals-MBP [32m~/Documents/R/git_shit[33m[00m $ git commit -m "first commit"
[master (root-commit) 7197587] first commit
 1 file changed, 1 insertion(+)
 create mode 100644 README.md
]0;~/Documents/R/git_shitdigitalfirstmedia@Digitals-MBP [32m~/Documents/R/git_shit[33m (master)[00m $ git remote add origin https://github.com/fdrennan/gi t_test.git
]0;~/Documents/R/git_shitdigitalfirstmedia@Digitals-MBP [32m~/Documents/R/git_shit[33m (master)[00m $ git push -u origin master
fatal: cannot run rpostback-askpass: No such file or directory
Username for 'https://github.com': ^C
]0;~/Documents/R/git_shitdigitalfirstmedia@Digitals-MBP [32m~/Documents/R/git_shit[33m (master)[00m $ 
]0;~/Documents/R/git_shitdigitalfirstmedia@Digitals-MBP [32m~/Documents/R/git_shit[33m (master)[00m $ ls
README.md	git_shit.Rproj	test_file.R
]0;~/Documents/R/git_shitdigitalfirstmedia@Digitals-MBP [32m~/Documents/R/git_shit[33m (master)[00m $ ls -la
total 24
drwxr-xr-x   7 digitalfirstmedia  staff  224 Dec  5 08:14 .
drwxr-xr-x  17 digitalfirstmedia  staff  544 Dec  5 08:12 ..
drwxr-xr-x   4 digitalfirstmedia  staff  128 Dec  5 08:12 .Rproj.user
drwxr-xr-x  13 digitalfirstmedia  staff  416 Dec  5 08:14 .git
-rw-r--r--   1 digitalfirstmedia  staff   11 Dec  5 08:14 README.md
-rw-r--r--   1 digitalfirstmedia  staff  205 Dec  5 08:12 git_shit.Rproj
-rw-r--r--@  1 digitalfirstmedia  staff   39 Dec  5 08:12 test_file.R
]0;~/Documents/R/git_shitdigitalfirstmedia@Digitals-MBP [32m~/Documents/R/git_shit[33m (master)[00m $ rm -rf .git
]0;~/Documents/R/git_shitdigitalfirstmedia@Digitals-MBP [32m~/Documents/R/git_shit[33m[00m $ echo "# git_test" >> README.md
]0;~/Documents/R/git_shitdigitalfirstmedia@Digitals-MBP [32m~/Documents/R/git_shit[33m[00m $ git init
Initialized empty Git repository in /Users/digitalfirstmedia/Documents/R/git_shit/.git/
]0;~/Documents/R/git_shitdigitalfirstmedia@Digitals-MBP [32m~/Documents/R/git_shit[33m[00m $ git add README.md
]0;~/Documents/R/git_shitdigitalfirstmedia@Digitals-MBP [32m~/Documents/R/git_shit[33m[00m $ git commit -m "first commit"
[master (root-commit) 40499e1] first commit
 1 file changed, 2 insertions(+)
 create mode 100644 README.md
]0;~/Documents/R/git_shitdigitalfirstmedia@Digitals-MBP [32m~/Documents/R/git_shit[33m (master)[00m $ git remote add origin git@github.com:fdrennan/git_te st.git
]0;~/Documents/R/git_shitdigitalfirstmedia@Digitals-MBP [32m~/Documents/R/git_shit[33m (master)[00m $ git push -u origin master
Enumerating objects: 3, done.
Counting objects:  33% (1/3)   Counting objects:  66% (2/3)   Counting objects: 100% (3/3)   Counting objects: 100% (3/3), done.
Writing objects:  33% (1/3)   Writing objects:  66% (2/3)   Writing objects: 100% (3/3)   Writing objects: 100% (3/3), 229 bytes | 229.00 KiB/s, done.
Total 3 (delta 0), reused 0 (delta 0)
remote: 
remote: Create a pull request for 'master' on GitHub by visiting:[K
remote:      https://github.com/fdrennan/git_test/pull/new/master[K
remote: 
To github.com:fdrennan/git_test.git
 * [new branch]      master -> master
Branch 'master' set up to track remote branch 'master' from 'origin'.
]0;~/Documents/R/git_shitdigitalfirstmedia@Digitals-MBP [32m~/Documents/R/git_shit[33m (master)[00m $ ls
README.md	git_shit.Rproj	test_file.R
]0;~/Documents/R/git_shitdigitalfirstmedia@Digitals-MBP [32m~/Documents/R/git_shit[33m (master)[00m $ git ad[Kdd --all